{"from":{"deviceId":"Spoony1","unit":"ODMDataChunk"},"t":"2016-01-29T15:01:32.028Z","count":29,"elements":[{"n":"TEMP","count":1,"records":[{"i":0,"t":"2016-01-29T15:01:31.998Z","q":"good","v":24.96719}]},{"n":"FREQ","count":1,"records":[{"i":0,"t":"2016-01-29T15:01:31.998Z","q":"good","v":50.00000}]},{"n":"VRMSA","count":1,"records":[{"i":0,"t":"2016-01-29T15:01:31.998Z","q":"good","v":220.15684}]},{"n":"VRMSB","count":1,"records":[{"i":0,"t":"2016-01-29T15:01:31.998Z","q":"good","v":219.30027}]},{"n":"VRMSC","count":1,"records":[{"i":0,"t":"2016-01-29T15:01:31.998Z","q":"good","v":219.67214}]},{"n":"IRMSA","count":1,"records":[{"i":0,"t":"2016-01-29T15:01:31.998Z","q":"good","v":-5.37061}]},{"n":"IRMSB","count":1,"records":[{"i":0,"t":"2016-01-29T15:01:31.998Z","q":"good","v":7.28793}]},{"n":"IRMSC","count":1,"records":[{"i":0,"t":"2016-01-29T15:01:31.998Z","q":"good","v":4.85941}]},{"n":"WATTHRA","count":1,"records":[{"i":0,"t":"2016-01-29T15:01:31.998Z","q":"good","v":0.23364}]},{"n":"WATTHRB","count":1,"records":[{"i":0,"t":"2016-01-29T15:01:31.998Z","q":"good","v":7.42876}]},{"n":"WATTHRC","count":1,"records":[{"i":0,"t":"2016-01-29T15:01:31.998Z","q":"good","v":5.86496}]},{"n":"VARHRA","count":1,"records":[{"i":0,"t":"2016-01-29T15:01:31.998Z","q":"good","v":0.01221}]},{"n":"VARHRB","count":1,"records":[{"i":0,"t":"2016-01-29T15:01:31.998Z","q":"good","v":0.14761}]},{"n":"VARHRC","count":1,"records":[{"i":0,"t":"2016-01-29T15:01:31.998Z","q":"good","v":0.14548}]},{"n":"VAHRA","count":1,"records":[{"i":0,"t":"2016-01-29T15:01:31.998Z","q":"good","v":0.23396}]},{"n":"VAHRB","count":1,"records":[{"i":0,"t":"2016-01-29T15:01:31.998Z","q":"good","v":7.43212}]},{"n":"VAHRC","count":1,"records":[{"i":0,"t":"2016-01-29T15:01:31.998Z","q":"good","v":5.86826}]},{"n":"WATTA","count":1,"records":[{"i":0,"t":"2016-01-29T15:01:31.998Z","q":"good","v":-1181.78686}]},{"n":"WATTB","count":1,"records":[{"i":0,"t":"2016-01-29T15:01:31.998Z","q":"good","v":1597.95654}]},{"n":"WATTC","count":1,"records":[{"i":0,"t":"2016-01-29T15:01:31.998Z","q":"good","v":1066.00219}]},{"n":"VARA","count":1,"records":[{"i":0,"t":"2016-01-29T15:01:31.998Z","q":"good","v":-37.34854}]},{"n":"VARB","count":1,"records":[{"i":0,"t":"2016-01-29T15:01:31.998Z","q":"good","v":30.45286}]},{"n":"VARC","count":1,"records":[{"i":0,"t":"2016-01-29T15:01:31.998Z","q":"good","v":56.12364}]},{"n":"VAA","count":1,"records":[{"i":0,"t":"2016-01-29T15:01:31.998Z","q":"good","v":-1182.37683}]},{"n":"VAB","count":1,"records":[{"i":0,"t":"2016-01-29T15:01:31.998Z","q":"good","v":1598.24670}]},{"n":"VAC","count":1,"records":[{"i":0,"t":"2016-01-29T15:01:31.998Z","q":"good","v":1067.47863}]},{"n":"PFA","count":1,"records":[{"i":0,"t":"2016-01-29T15:01:31.998Z","q":"good","v":0.99950}]},{"n":"PFB","count":1,"records":[{"i":0,"t":"2016-01-29T15:01:31.998Z","q":"good","v":0.99981}]},{"n":"PFC","count":1,"records":[{"i":0,"t":"2016-01-29T15:01:31.998Z","q":"good","v":0.99861}]}]}