{"from":{"deviceId":"Spoony1","unit":"DataChunk"},"t":"2015-10-16T15:10:25.824Z","count":29,"elements":[{"n":"TEMP","count":1,"records":[{"i":0,"t":"2015-10-16T15:10:19.999Z","q":"good","v":24.99732}]},{"n":"FREQ","count":1,"records":[{"i":0,"t":"2015-10-16T15:10:19.999Z","q":"good","v":50.00000}]},{"n":"VRMSA","count":1,"records":[{"i":0,"t":"2015-10-16T15:10:19.999Z","q":"good","v":219.72705}]},{"n":"VRMSB","count":1,"records":[{"i":0,"t":"2015-10-16T15:10:19.999Z","q":"good","v":220.09834}]},{"n":"VRMSC","count":1,"records":[{"i":0,"t":"2015-10-16T15:10:19.999Z","q":"good","v":220.04170}]},{"n":"IRMSA","count":1,"records":[{"i":0,"t":"2015-10-16T15:10:19.999Z","q":"good","v":9.10000}]},{"n":"IRMSB","count":1,"records":[{"i":0,"t":"2015-10-16T15:10:19.999Z","q":"good","v":9.93344}]},{"n":"IRMSC","count":1,"records":[{"i":0,"t":"2015-10-16T15:10:19.999Z","q":"good","v":9.56120}]},{"n":"WATTHRA","count":1,"records":[{"i":0,"t":"2015-10-16T15:10:19.999Z","q":"good","v":0.27771}]},{"n":"WATTHRB","count":1,"records":[{"i":0,"t":"2015-10-16T15:10:19.999Z","q":"good","v":0.30365}]},{"n":"WATTHRC","count":1,"records":[{"i":0,"t":"2015-10-16T15:10:19.999Z","q":"good","v":0.29220}]},{"n":"VARHRA","count":1,"records":[{"i":0,"t":"2015-10-16T15:10:19.999Z","q":"good","v":0.00000}]},{"n":"VARHRB","count":1,"records":[{"i":0,"t":"2015-10-16T15:10:19.999Z","q":"good","v":0.00000}]},{"n":"VARHRC","count":1,"records":[{"i":0,"t":"2015-10-16T15:10:19.999Z","q":"good","v":0.00000}]},{"n":"VAHRA","count":1,"records":[{"i":0,"t":"2015-10-16T15:10:19.999Z","q":"good","v":0.27771}]},{"n":"VAHRB","count":1,"records":[{"i":0,"t":"2015-10-16T15:10:19.999Z","q":"good","v":0.30365}]},{"n":"VAHRC","count":1,"records":[{"i":0,"t":"2015-10-16T15:10:19.999Z","q":"good","v":0.29220}]},{"n":"WATTA","count":1,"records":[{"i":0,"t":"2015-10-16T15:10:19.999Z","q":"good","v":1999.51623}]},{"n":"WATTB","count":1,"records":[{"i":0,"t":"2015-10-16T15:10:19.999Z","q":"good","v":2186.33593}]},{"n":"WATTC","count":1,"records":[{"i":0,"t":"2015-10-16T15:10:19.999Z","q":"good","v":2103.86279}]},{"n":"VARA","count":1,"records":[{"i":0,"t":"2015-10-16T15:10:19.999Z","q":"good","v":0.00000}]},{"n":"VARB","count":1,"records":[{"i":0,"t":"2015-10-16T15:10:19.999Z","q":"good","v":0.00000}]},{"n":"VARC","count":1,"records":[{"i":0,"t":"2015-10-16T15:10:19.999Z","q":"good","v":0.00000}]},{"n":"VAA","count":1,"records":[{"i":0,"t":"2015-10-16T15:10:19.999Z","q":"good","v":1999.51623}]},{"n":"VAB","count":1,"records":[{"i":0,"t":"2015-10-16T15:10:19.999Z","q":"good","v":2186.33593}]},{"n":"VAC","count":1,"records":[{"i":0,"t":"2015-10-16T15:10:19.999Z","q":"good","v":2103.86279}]},{"n":"PFA","count":1,"records":[{"i":0,"t":"2015-10-16T15:10:19.999Z","q":"good","v":1.00000}]},{"n":"PFB","count":1,"records":[{"i":0,"t":"2015-10-16T15:10:19.999Z","q":"good","v":1.00000}]},{"n":"PFC","count":1,"records":[{"i":0,"t":"2015-10-16T15:10:19.999Z","q":"good","v":1.00000}]}]}
